Отправте данные повторно, включая файл сценария
